Some parameters are on the meta device because they were offloaded to the disk and cpu.
c:\Users\NNuuNN\AppData\Local\Programs\Python\Python310\lib\site-packages\torch\nn\modules\module.py:2068: UserWarning: for base_model.model.model.layers.22.self_attn.q_proj.lora_A.default.weight: copying from a non-meta parameter in the checkpoint to a meta parameter in the current model, which is a no-op. (Did you mean to pass `assign=True` to assign items in the state dictionary to their corresponding key in the module instead of copying them in place?)
  warnings.warn(f'for {key}: copying from a non-meta parameter in the checkpoint to a meta '
c:\Users\NNuuNN\AppData\Local\Programs\Python\Python310\lib\site-packages\torch\nn\modules\module.py:2068: UserWarning: for base_model.model.model.layers.22.self_attn.q_proj.lora_B.default.weight: copying from a non-meta parameter in the checkpoint to a meta parameter in the current model, which is a no-op. (Did you mean to pass `assign=True` to assign items in the state dictionary to their corresponding key in the module instead of copying them in place?)
  warnings.warn(f'for {key}: copying from a non-meta parameter in the checkpoint to a meta '
c:\Users\NNuuNN\AppData\Local\Programs\Python\Python310\lib\site-packages\torch\nn\modules\module.py:2068: UserWarning: for base_model.model.model.layers.22.self_attn.k_proj.lora_A.default.weight: copying from a non-meta parameter in the checkpoint to a meta parameter in the current model, which is a no-op. (Did you mean to pass `assign=True` to assign items in the state dictionary to their corresponding key in the module instead of copying them in place?)
  warnings.warn(f'for {key}: copying from a non-meta parameter in the checkpoint to a meta '
c:\Users\NNuuNN\AppData\Local\Programs\Python\Python310\lib\site-packages\torch\nn\modules\module.py:2068: UserWarning: for base_model.model.model.layers.22.self_attn.k_proj.lora_B.default.weight: copying from a non-meta parameter in the checkpoint to a meta parameter in the current model, which is a no-op. (Did you mean to pass `assign=True` to assign items in the state dictionary to their corresponding key in the module instead of copying them in place?)
  warnings.warn(f'for {key}: copying from a non-meta parameter in the checkpoint to a meta '
c:\Users\NNuuNN\AppData\Local\Programs\Python\Python310\lib\site-packages\torch\nn\modules\module.py:2068: UserWarning: for base_model.model.model.layers.22.self_attn.v_proj.lora_A.default.weight: copying from a non-meta parameter in the checkpoint to a meta parameter in the current model, which is a no-op. (Did you mean to pass `assign=True` to assign items in the state dictionary to their corresponding key in the module instead of copying them in place?)
  warnings.warn(f'for {key}: copying from a non-meta parameter in the checkpoint to a meta '
c:\Users\NNuuNN\AppData\Local\Programs\Python\Python310\lib\site-packages\torch\nn\modules\module.py:2068: UserWarning: for base_model.model.model.layers.22.self_attn.v_proj.lora_B.default.weight: copying from a non-meta parameter in the checkpoint to a meta parameter in the current model, which is a no-op. (Did you mean to pass `assign=True` to assign items in the state dictionary to their corresponding key in the module instead of copying them in place?)
  warnings.warn(f'for {key}: copying from a non-meta parameter in the checkpoint to a meta '
c:\Users\NNuuNN\AppData\Local\Programs\Python\Python310\lib\site-packages\torch\nn\modules\module.py:2068: UserWarning: for base_model.model.model.layers.22.self_attn.o_proj.lora_A.default.weight: copying from a non-meta parameter in the checkpoint to a meta parameter in the current model, which is a no-op. (Did you mean to pass `assign=True` to assign items in the state dictionary to their corresponding key in the module instead of copying them in place?)
  warnings.warn(f'for {key}: copying from a non-meta parameter in the checkpoint to a meta '
c:\Users\NNuuNN\AppData\Local\Programs\Python\Python310\lib\site-packages\torch\nn\modules\module.py:2068: UserWarning: for base_model.model.model.layers.22.self_attn.o_proj.lora_B.default.weight: copying from a non-meta parameter in the checkpoint to a meta parameter in the current model, which is a no-op. (Did you mean to pass `assign=True` to assign items in the state dictionary to their corresponding key in the module instead of copying them in place?)
  warnings.warn(f'for {key}: copying from a non-meta parameter in the checkpoint to a meta '
c:\Users\NNuuNN\AppData\Local\Programs\Python\Python310\lib\site-packages\torch\nn\modules\module.py:2068: UserWarning: for base_model.model.model.layers.23.self_attn.q_proj.lora_A.default.weight: copying from a non-meta parameter in the checkpoint to a meta parameter in the current model, which is a no-op. (Did you mean to pass `assign=True` to assign items in the state dictionary to their corresponding key in the module instead of copying them in place?)
  warnings.warn(f'for {key}: copying from a non-meta parameter in the checkpoint to a meta '
c:\Users\NNuuNN\AppData\Local\Programs\Python\Python310\lib\site-packages\torch\nn\modules\module.py:2068: UserWarning: for base_model.model.model.layers.23.self_attn.q_proj.lora_B.default.weight: copying from a non-meta parameter in the checkpoint to a meta parameter in the current model, which is a no-op. (Did you mean to pass `assign=True` to assign items in the state dictionary to their corresponding key in the module instead of copying them in place?)
  warnings.warn(f'for {key}: copying from a non-meta parameter in the checkpoint to a meta '
c:\Users\NNuuNN\AppData\Local\Programs\Python\Python310\lib\site-packages\torch\nn\modules\module.py:2068: UserWarning: for base_model.model.model.layers.23.self_attn.k_proj.lora_A.default.weight: copying from a non-meta parameter in the checkpoint to a meta parameter in the current model, which is a no-op. (Did you mean to pass `assign=True` to assign items in the state dictionary to their corresponding key in the module instead of copying them in place?)
  warnings.warn(f'for {key}: copying from a non-meta parameter in the checkpoint to a meta '
c:\Users\NNuuNN\AppData\Local\Programs\Python\Python310\lib\site-packages\torch\nn\modules\module.py:2068: UserWarning: for base_model.model.model.layers.23.self_attn.k_proj.lora_B.default.weight: copying from a non-meta parameter in the checkpoint to a meta parameter in the current model, which is a no-op. (Did you mean to pass `assign=True` to assign items in the state dictionary to their corresponding key in the module instead of copying them in place?)
  warnings.warn(f'for {key}: copying from a non-meta parameter in the checkpoint to a meta '
c:\Users\NNuuNN\AppData\Local\Programs\Python\Python310\lib\site-packages\torch\nn\modules\module.py:2068: UserWarning: for base_model.model.model.layers.23.self_attn.v_proj.lora_A.default.weight: copying from a non-meta parameter in the checkpoint to a meta parameter in the current model, which is a no-op. (Did you mean to pass `assign=True` to assign items in the state dictionary to their corresponding key in the module instead of copying them in place?)
  warnings.warn(f'for {key}: copying from a non-meta parameter in the checkpoint to a meta '
c:\Users\NNuuNN\AppData\Local\Programs\Python\Python310\lib\site-packages\torch\nn\modules\module.py:2068: UserWarning: for base_model.model.model.layers.23.self_attn.v_proj.lora_B.default.weight: copying from a non-meta parameter in the checkpoint to a meta parameter in the current model, which is a no-op. (Did you mean to pass `assign=True` to assign items in the state dictionary to their corresponding key in the module instead of copying them in place?)
  warnings.warn(f'for {key}: copying from a non-meta parameter in the checkpoint to a meta '
c:\Users\NNuuNN\AppData\Local\Programs\Python\Python310\lib\site-packages\torch\nn\modules\module.py:2068: UserWarning: for base_model.model.model.layers.23.self_attn.o_proj.lora_A.default.weight: copying from a non-meta parameter in the checkpoint to a meta parameter in the current model, which is a no-op. (Did you mean to pass `assign=True` to assign items in the state dictionary to their corresponding key in the module instead of copying them in place?)
  warnings.warn(f'for {key}: copying from a non-meta parameter in the checkpoint to a meta '
c:\Users\NNuuNN\AppData\Local\Programs\Python\Python310\lib\site-packages\torch\nn\modules\module.py:2068: UserWarning: for base_model.model.model.layers.23.self_attn.o_proj.lora_B.default.weight: copying from a non-meta parameter in the checkpoint to a meta parameter in the current model, which is a no-op. (Did you mean to pass `assign=True` to assign items in the state dictionary to their corresponding key in the module instead of copying them in place?)
  warnings.warn(f'for {key}: copying from a non-meta parameter in the checkpoint to a meta '